base referer
rect $interfaceikayaki_1_1_measurement_listener.html 9,185 204,212
rect $classikayaki_1_1gui_1_1_magnetometer_status_panel.html 318,134 566,161
rect $classikayaki_1_1gui_1_1_measurement_sequence_table_model.html 293,185 592,212
rect $classikayaki_1_1gui_1_1_project_component.html 342,236 542,262
rect $classikayaki_1_1gui_1_1_calibration_panel.html 720,160 906,186
rect $classikayaki_1_1gui_1_1_main_status_bar.html 725,210 901,237
rect $classikayaki_1_1gui_1_1_main_view_panel.html 722,261 904,288
rect $classikayaki_1_1gui_1_1_measurement_controls_panel.html 686,312 940,338
rect $classikayaki_1_1gui_1_1_measurement_details_panel.html 690,362 936,389
rect $classikayaki_1_1gui_1_1_measurement_graphs_panel.html 689,413 937,440
rect $classikayaki_1_1gui_1_1_measurement_sequence_panel.html 681,8 945,34
rect $classikayaki_1_1gui_1_1_project_explorer_panel.html 705,58 921,85
rect $classikayaki_1_1gui_1_1_project_information_panel.html 697,109 929,136
rect $interfaceikayaki_1_1_project_listener.html 29,286 184,313
rect $classikayaki_1_1gui_1_1_project_explorer_table.html 336,337 549,364
rect $classikayaki_1_1gui_1_1_project_explorer_table_1_1_project_explorer_table_model.html 254,388 630,414
